connected; mode=full
preloaded 40 anchors per cluster (object 1024 KiB each)
[{"case":"allowed","n":50,"allowed":50,"denied":0,"reasons":{}},{"case":"tampered_object","n":50,"allowed":0,"denied":50,"reasons":{"hash-mismatch":50}},{"case":"object_unavailable","n":50,"allowed":0,"denied":50,"reasons":{"object-unavailable":50}},{"case":"token_for_other_record","n":50,"allowed":0,"denied":50,"reasons":{"token-denied":50}},{"case":"expired_token","n":50,"allowed":0,"denied":50,"reasons":{"token-denied":50}},{"case":"unknown_record","n":50,"allowed":0,"denied":50,"reasons":{"2 UNKNOWN: evaluate call to endorser returned error: chaincode response 500, rec":50}}]
intra,conc1,1,100,100,12.1,8.26,121.0,120.8,123.3,125.1,8,0.03,4.21,1.02,115.78
cross,rtt0_conc1,1,100,100,12.1,8.23,121.4,121.3,123.1,124.2,8,0.03,4.54,1.03,115.83
cross,rtt0_conc8,1,200,200,3.8,53.19,150.2,148.9,169.9,180.3,33,0.02,41.84,1.12,107.18
cross,rtt20_conc1,1,100,100,14.1,7.09,141.0,140.9,142.7,145.9,7,0.02,24.46,1.03,115.46
cross,rtt20_conc8,1,200,200,4.3,46.84,170.5,170.6,189.1,192.3,27,0.02,57.16,1.13,112.22
cross,rtt50_conc1,1,100,100,17.1,5.86,170.7,170.6,173.0,174.6,5,0.02,54.38,1.04,115.24
cross,rtt50_conc8,1,200,200,4.9,40.51,197.2,196.6,216.3,219.9,23,0.02,91.10,1.22,104.91
cross,rtt100_conc1,1,100,100,22.0,4.54,220.4,220.4,222.0,222.9,4,0.02,104.23,1.03,115.10
cross,rtt100_conc8,1,200,200,6.2,32.33,247.2,247.3,264.5,275.4,19,0.02,141.72,1.19,104.29
cross,rtt200_conc1,1,100,100,32.1,3.12,320.8,320.7,322.7,324.2,3,0.02,204.43,1.07,115.30
cross,rtt200_conc8,1,200,200,8.7,22.99,347.7,344.4,367.8,376.8,13,0.02,240.46,1.26,105.93
intra,conc1,2,100,100,12.0,8.35,119.7,119.6,121.7,122.8,7,0.02,3.79,1.02,114.83
cross,rtt0_conc1,2,100,100,12.0,8.33,120.1,119.9,121.6,125.2,7,0.02,4.07,1.02,114.94
cross,rtt0_conc8,2,200,200,3.6,55.14,144.9,143.2,162.5,171.0,31,0.02,42.25,1.19,101.40
cross,rtt20_conc1,2,100,100,14.0,7.12,140.4,140.3,142.5,144.8,7,0.02,24.37,1.03,114.96
cross,rtt20_conc8,2,200,200,4.2,47.98,166.5,164.8,187.3,195.2,28,0.01,59.23,1.14,106.09
cross,rtt50_conc1,2,100,100,17.1,5.86,170.5,170.2,173.1,175.6,5,0.02,54.18,1.03,115.27
cross,rtt50_conc8,2,200,200,5.0,39.68,201.3,202.9,218.6,222.9,22,0.01,85.46,1.16,114.71
cross,rtt100_conc1,2,100,100,22.1,4.53,220.7,220.6,222.6,222.9,4,0.02,104.44,1.04,115.21
cross,rtt100_conc8,2,200,200,6.2,32.33,247.2,245.4,266.7,273.0,19,0.01,140.41,1.20,105.60
cross,rtt200_conc1,2,100,100,32.1,3.12,320.8,320.6,322.6,325.8,3,0.02,204.32,1.04,115.39
cross,rtt200_conc8,2,200,200,8.7,22.91,348.9,348.3,367.2,371.3,13,0.01,237.76,1.15,109.99
intra,conc1,3,100,100,11.9,8.38,119.4,119.2,121.9,123.6,7,0.02,3.75,1.01,114.58
cross,rtt0_conc1,3,100,100,12.0,8.33,120.0,119.7,122.4,123.9,7,0.02,4.07,1.01,114.87
cross,rtt0_conc8,3,200,200,3.6,56.31,141.8,141.0,157.6,164.5,33,0.01,46.92,1.23,93.67
cross,rtt20_conc1,3,100,100,14.0,7.13,140.2,140.1,142.1,143.0,6,0.02,24.16,1.03,114.94
cross,rtt20_conc8,3,200,200,4.2,47.60,167.8,167.1,185.2,191.4,27,0.01,58.22,1.17,108.45
cross,rtt50_conc1,3,100,100,17.0,5.87,170.2,170.1,172.5,173.3,5,0.02,54.23,1.02,114.95
cross,rtt50_conc8,3,200,200,4.9,40.85,195.6,194.2,217.2,224.4,23,0.01,92.07,1.25,102.24
cross,rtt100_conc1,3,100,100,22.1,4.53,220.7,220.6,222.9,224.9,4,0.02,104.20,1.04,115.45
cross,rtt100_conc8,3,200,200,6.1,32.60,245.2,243.6,264.2,274.6,19,0.01,142.20,1.26,101.72
cross,rtt200_conc1,3,100,100,32.1,3.12,320.5,320.5,322.5,323.6,3,0.02,204.37,1.04,115.08
cross,rtt200_conc8,3,200,200,8.7,22.86,349.7,348.9,369.0,379.7,13,0.01,236.61,1.27,111.82
scale1,rate25,1,750,750,30.0,25.00,76.3,76.0,117.0,119.0,14,,,,
scale2,rate25,1,1500,1500,30.0,49.98,86.2,86.0,128.0,131.0,30,,,,
scale1,rate50,1,1500,1500,30.1,49.91,71.4,77.0,119.0,121.0,27,,,,
scale2,rate50,1,3000,3000,30.1,99.63,86.2,87.0,140.0,149.0,56,,,,
scale1,rate100,1,3000,3000,30.0,99.89,81.4,82.0,131.0,136.0,53,,,,
scale2,rate100,1,6000,6000,37.5,160.00,11232.7,11734.0,17423.0,20236.0,64,,,,
scale1,rate150,1,4500,4500,30.1,149.64,110.4,111.0,161.0,178.0,72,,,,
scale2,rate150,1,9000,8171,55.5,147.24,33382.6,33626.0,43748.0,47104.0,65,,,,
scale1,rate25,2,750,750,30.0,25.00,79.6,79.0,122.0,124.0,17,,,,
scale2,rate25,2,1500,1500,30.0,49.98,91.6,92.0,136.0,140.0,33,,,,
scale1,rate50,2,1500,1500,30.0,49.99,75.0,80.0,123.0,128.0,31,,,,
scale2,rate50,2,3000,3000,30.0,99.84,89.1,90.0,145.0,152.0,62,,,,
scale1,rate100,2,3000,3000,30.1,99.69,85.0,86.0,135.0,142.0,58,,,,
scale2,rate100,2,6000,6000,38.6,155.44,12896.8,13687.0,19360.0,22613.0,65,,,,
scale1,rate150,2,4500,4500,30.1,149.51,130.0,130.0,184.0,201.0,71,,,,
scale2,rate150,2,9000,8202,55.4,148.04,33825.6,34736.0,43315.0,46452.0,65,,,,
scale1,rate25,3,750,750,30.0,25.00,79.8,79.0,122.0,125.0,17,,,,
scale2,rate25,3,1500,1500,30.0,49.93,89.3,89.0,135.0,140.0,34,,,,
scale1,rate50,3,1500,1500,30.0,50.00,74.6,80.0,123.0,126.0,32,,,,
scale2,rate50,3,3000,3000,30.1,99.64,88.0,90.0,143.0,152.0,64,,,,
scale1,rate100,3,3000,3000,30.1,99.65,85.6,86.0,135.0,144.0,59,,,,
scale2,rate100,3,6000,6000,38.7,155.08,13058.0,13816.0,19190.0,22400.0,66,,,,
scale1,rate150,3,4500,4500,30.1,149.40,176.5,176.0,253.0,290.0,69,,,,
scale2,rate150,3,9000,8213,56.8,144.69,35543.8,36566.0,43838.0,47959.0,65,,,,
XC DONE
